[INFO] Scanning for projects...
[INFO] 
[INFO] ----------------< com.storefinds:unique-finds-backend >-----------------
[INFO] Building unique-finds-backend 0.0.1-SNAPSHOT
[INFO]   from pom.xml
[INFO] --------------------------------[ jar ]---------------------------------
[INFO] 
[INFO] >>> spring-boot:4.0.5:run (default-cli) > test-compile @ unique-finds-backend >>>
[INFO] 
[INFO] --- resources:3.3.1:resources (default-resources) @ unique-finds-backend ---
[INFO] Copying 3 resources from src\main\resources to target\classes
[INFO] Copying 13 resources from src\main\resources to target\classes
[INFO] 
[INFO] --- compiler:3.14.1:compile (default-compile) @ unique-finds-backend ---
[INFO] Nothing to compile - all classes are up to date.
[INFO] 
[INFO] --- resources:3.3.1:testResources (default-testResources) @ unique-finds-backend ---
[INFO] skip non existing resourceDirectory D:\code\unique-finds-backend\src\test\resources
[INFO] 
[INFO] --- compiler:3.14.1:testCompile (default-testCompile) @ unique-finds-backend ---
[INFO] Nothing to compile - all classes are up to date.
[INFO] 
[INFO] <<< spring-boot:4.0.5:run (default-cli) < test-compile @ unique-finds-backend <<<
[INFO] 
[INFO] 
[INFO] --- spring-boot:4.0.5:run (default-cli) @ unique-finds-backend ---
[INFO] Attaching agents: []

  .   ____          _            __ _ _
 /\\ / ___'_ __ _ _(_)_ __  __ _ \ \ \ \
( ( )\___ | '_ | '_| | '_ \/ _` | \ \ \ \
 \\/  ___)| |_)| | | | | || (_| |  ) ) ) )
  '  |____| .__|_| |_|_| |_\__, | / / / /
 =========|_|==============|___/=/_/_/_/

 :: Spring Boot ::                (v4.0.5)

2026-05-14T23:00:16.151+08:00  INFO 47016 --- [unique-finds-backend] [           main] c.s.u.UniqueFindsBackendApplication      : Starting UniqueFindsBackendApplication using Java 21.0.9 with PID 47016 (D:\code\unique-finds-backend\target\classes started by z in D:\code\unique-finds-backend)
2026-05-14T23:00:16.153+08:00  INFO 47016 --- [unique-finds-backend] [           main] c.s.u.UniqueFindsBackendApplication      : The following 1 profile is active: "dev"
2026-05-14T23:00:17.456+08:00  INFO 47016 --- [unique-finds-backend] [           main] o.s.boot.tomcat.TomcatWebServer          : Tomcat initialized with port 0 (http)
2026-05-14T23:00:17.469+08:00  INFO 47016 --- [unique-finds-backend] [           main] o.apache.catalina.core.StandardService   : Starting service [Tomcat]
2026-05-14T23:00:17.469+08:00  INFO 47016 --- [unique-finds-backend] [           main] o.apache.catalina.core.StandardEngine    : Starting Servlet engine: [Apache Tomcat/11.0.20]
2026-05-14T23:00:17.565+08:00  INFO 47016 --- [unique-finds-backend] [           main] b.w.c.s.WebApplicationContextInitializer : Root WebApplicationContext: initialization completed in 1374 ms
2026-05-14T23:00:17.848+08:00  INFO 47016 --- [unique-finds-backend] [           main] com.zaxxer.hikari.HikariDataSource       : HikariPool-1 - Starting...
2026-05-14T23:00:18.071+08:00  INFO 47016 --- [unique-finds-backend] [           main] com.zaxxer.hikari.pool.HikariPool        : HikariPool-1 - Added connection com.mysql.cj.jdbc.ConnectionImpl@14656be5
2026-05-14T23:00:18.072+08:00  INFO 47016 --- [unique-finds-backend] [           main] com.zaxxer.hikari.HikariDataSource       : HikariPool-1 - Start completed.
2026-05-14T23:00:18.189+08:00  INFO 47016 --- [unique-finds-backend] [           main] org.flywaydb.core.FlywayExecutor         : Database: jdbc:mysql://localhost:3306/unique_finds?useUnicode=true&characterEncoding=utf8&serverTimezone=Asia/Shanghai&useSSL=false (MySQL 8.0)
2026-05-14T23:00:18.257+08:00  INFO 47016 --- [unique-finds-backend] [           main] o.f.c.i.s.JdbcTableSchemaHistory         : Schema history table `unique_finds`.`flyway_schema_history` does not exist yet
2026-05-14T23:00:18.260+08:00  INFO 47016 --- [unique-finds-backend] [           main] o.f.core.internal.command.DbValidate     : Successfully validated 2 migrations (execution time 00:00.025s)
2026-05-14T23:00:18.293+08:00  INFO 47016 --- [unique-finds-backend] [           main] o.f.c.i.s.JdbcTableSchemaHistory         : Creating Schema History table `unique_finds`.`flyway_schema_history` with baseline ...
2026-05-14T23:00:18.561+08:00  INFO 47016 --- [unique-finds-backend] [           main] o.f.core.internal.command.DbBaseline     : Successfully baselined schema with version: 1
2026-05-14T23:00:18.578+08:00  INFO 47016 --- [unique-finds-backend] [           main] o.f.core.internal.command.DbMigrate      : Current version of schema `unique_finds`: 1
2026-05-14T23:00:18.586+08:00  INFO 47016 --- [unique-finds-backend] [           main] o.f.core.internal.command.DbMigrate      : Migrating schema `unique_finds` to version "2 - notification metadata"
2026-05-14T23:00:18.916+08:00  INFO 47016 --- [unique-finds-backend] [           main] o.f.core.internal.command.DbMigrate      : Successfully applied 1 migration to schema `unique_finds`, now at version v2 (execution time 00:00.301s)
2026-05-14T23:00:19.540+08:00  WARN 47016 --- [unique-finds-backend] [           main] .s.a.UserDetailsServiceAutoConfiguration : 

Using generated security password: e3cc894e-e36c-4526-9803-ea6fb36a737d

This generated password is for development use only. Your security configuration must be updated before running your application in production.

2026-05-14T23:00:19.548+08:00  INFO 47016 --- [unique-finds-backend] [           main] r$InitializeUserDetailsManagerConfigurer : Global AuthenticationManager configured with UserDetailsService bean with name inMemoryUserDetailsManager
2026-05-14T23:00:19.841+08:00  WARN 47016 --- [unique-finds-backend] [           main] o.s.w.s.resource.ResourceHandlerUtils    : Appended trailing slash to static resource location: file:///D:/code/unique-finds-backend/uploads/images/
2026-05-14T23:00:20.263+08:00  INFO 47016 --- [unique-finds-backend] [           main] o.s.b.a.e.web.EndpointLinksResolver      : Exposing 3 endpoints beneath base path '/actuator'
2026-05-14T23:00:20.374+08:00  INFO 47016 --- [unique-finds-backend] [           main] o.s.boot.tomcat.TomcatWebServer          : Tomcat started on port 63179 (http) with context path '/'
2026-05-14T23:00:20.384+08:00  INFO 47016 --- [unique-finds-backend] [           main] c.s.u.UniqueFindsBackendApplication      : Started UniqueFindsBackendApplication in 4.584 seconds (process running for 5.059)
2026-05-14T23:00:20.481+08:00  WARN 47016 --- [unique-finds-backend] [           main] o.s.core.events.SpringDocAppInitializer  : SpringDoc /v3/api-docs endpoint is enabled by default. To disable it in production, set the property 'springdoc.api-docs.enabled=false'
2026-05-14T23:00:20.482+08:00  WARN 47016 --- [unique-finds-backend] [           main] o.s.core.events.SpringDocAppInitializer  : SpringDoc /swagger-ui.html endpoint is enabled by default. To disable it in production, set the property 'springdoc.swagger-ui.enabled=false'
2026-05-15T00:01:35.882+08:00  WARN 47016 --- [unique-finds-backend] [l-1:housekeeper] com.zaxxer.hikari.pool.HikariPool        : HikariPool-1 - Thread starvation or clock leap detected (housekeeper delta=20m17s45ms119µs100ns).
[INFO] ------------------------------------------------------------------------
[INFO] BUILD FAILURE
[INFO] ------------------------------------------------------------------------
[INFO] Total time:  01:05 h
[INFO] Finished at: 2026-05-15T00:05:22+08:00
[INFO] ------------------------------------------------------------------------
[ERROR] Failed to execute goal org.springframework.boot:spring-boot-maven-plugin:4.0.5:run (default-cli) on project unique-finds-backend: Process terminated with exit code: 1073807364 -> [Help 1]
[ERROR] 
[ERROR] To see the full stack trace of the errors, re-run Maven with the -e switch.
[ERROR] Re-run Maven using the -X switch to enable full debug logging.
[ERROR] 
[ERROR] For more information about the errors and possible solutions, please read the following articles:
[ERROR] [Help 1] http://cwiki.apache.org/confluence/display/MAVEN/MojoExecutionException
