[INFO] Scanning for projects...
[INFO] 
[INFO] ----------------< com.storefinds:unique-finds-backend >-----------------
[INFO] Building unique-finds-backend 0.0.1-SNAPSHOT
[INFO]   from pom.xml
[INFO] --------------------------------[ jar ]---------------------------------
[INFO] 
[INFO] >>> spring-boot:4.0.5:run (default-cli) > test-compile @ unique-finds-backend >>>
[INFO] 
[INFO] --- resources:3.3.1:resources (default-resources) @ unique-finds-backend ---
[INFO] Copying 3 resources from src\main\resources to target\classes
[INFO] Copying 13 resources from src\main\resources to target\classes
[INFO] 
[INFO] --- compiler:3.14.1:compile (default-compile) @ unique-finds-backend ---
[INFO] Nothing to compile - all classes are up to date.
[INFO] 
[INFO] --- resources:3.3.1:testResources (default-testResources) @ unique-finds-backend ---
[INFO] skip non existing resourceDirectory D:\code\unique-finds-backend\src\test\resources
[INFO] 
[INFO] --- compiler:3.14.1:testCompile (default-testCompile) @ unique-finds-backend ---
[INFO] Nothing to compile - all classes are up to date.
[INFO] 
[INFO] <<< spring-boot:4.0.5:run (default-cli) < test-compile @ unique-finds-backend <<<
[INFO] 
[INFO] 
[INFO] --- spring-boot:4.0.5:run (default-cli) @ unique-finds-backend ---
[INFO] Attaching agents: []

  .   ____          _            __ _ _
 /\\ / ___'_ __ _ _(_)_ __  __ _ \ \ \ \
( ( )\___ | '_ | '_| | '_ \/ _` | \ \ \ \
 \\/  ___)| |_)| | | | | || (_| |  ) ) ) )
  '  |____| .__|_| |_|_| |_\__, | / / / /
 =========|_|==============|___/=/_/_/_/

 :: Spring Boot ::                (v4.0.5)

2026-05-14T19:18:21.279+08:00  INFO 10080 --- [unique-finds-backend] [           main] c.s.u.UniqueFindsBackendApplication      : Starting UniqueFindsBackendApplication using Java 21.0.9 with PID 10080 (D:\code\unique-finds-backend\target\classes started by z in D:\code\unique-finds-backend)
2026-05-14T19:18:21.281+08:00  INFO 10080 --- [unique-finds-backend] [           main] c.s.u.UniqueFindsBackendApplication      : The following 1 profile is active: "dev"
2026-05-14T19:18:22.467+08:00  INFO 10080 --- [unique-finds-backend] [           main] o.s.boot.tomcat.TomcatWebServer          : Tomcat initialized with port 0 (http)
2026-05-14T19:18:22.480+08:00  INFO 10080 --- [unique-finds-backend] [           main] o.apache.catalina.core.StandardService   : Starting service [Tomcat]
2026-05-14T19:18:22.481+08:00  INFO 10080 --- [unique-finds-backend] [           main] o.apache.catalina.core.StandardEngine    : Starting Servlet engine: [Apache Tomcat/11.0.20]
2026-05-14T19:18:22.566+08:00  INFO 10080 --- [unique-finds-backend] [           main] b.w.c.s.WebApplicationContextInitializer : Root WebApplicationContext: initialization completed in 1254 ms
2026-05-14T19:18:23.213+08:00  WARN 10080 --- [unique-finds-backend] [           main] .s.a.UserDetailsServiceAutoConfiguration : 

Using generated security password: d5ca050e-9e97-4373-bfd4-7c482267cd0e

This generated password is for development use only. Your security configuration must be updated before running your application in production.

2026-05-14T19:18:23.218+08:00  INFO 10080 --- [unique-finds-backend] [           main] r$InitializeUserDetailsManagerConfigurer : Global AuthenticationManager configured with UserDetailsService bean with name inMemoryUserDetailsManager
2026-05-14T19:18:23.442+08:00  WARN 10080 --- [unique-finds-backend] [           main] o.s.w.s.resource.ResourceHandlerUtils    : Appended trailing slash to static resource location: file:///D:/code/unique-finds-backend/uploads/images/
2026-05-14T19:18:23.749+08:00  INFO 10080 --- [unique-finds-backend] [           main] o.s.b.a.e.web.EndpointLinksResolver      : Exposing 3 endpoints beneath base path '/actuator'
2026-05-14T19:18:23.814+08:00  INFO 10080 --- [unique-finds-backend] [           main] o.s.boot.tomcat.TomcatWebServer          : Tomcat started on port 54648 (http) with context path '/'
2026-05-14T19:18:23.822+08:00  INFO 10080 --- [unique-finds-backend] [           main] c.s.u.UniqueFindsBackendApplication      : Started UniqueFindsBackendApplication in 2.888 seconds (process running for 3.295)
2026-05-14T19:18:23.892+08:00  WARN 10080 --- [unique-finds-backend] [           main] o.s.core.events.SpringDocAppInitializer  : SpringDoc /v3/api-docs endpoint is enabled by default. To disable it in production, set the property 'springdoc.api-docs.enabled=false'
2026-05-14T19:18:23.893+08:00  WARN 10080 --- [unique-finds-backend] [           main] o.s.core.events.SpringDocAppInitializer  : SpringDoc /swagger-ui.html endpoint is enabled by default. To disable it in production, set the property 'springdoc.swagger-ui.enabled=false'
