[INFO] Scanning for projects...
[INFO] 
[INFO] ----------------< com.storefinds:unique-finds-backend >-----------------
[INFO] Building unique-finds-backend 0.0.1-SNAPSHOT
[INFO]   from pom.xml
[INFO] --------------------------------[ jar ]---------------------------------
[INFO] 
[INFO] >>> spring-boot:4.0.5:run (default-cli) > test-compile @ unique-finds-backend >>>
[INFO] 
[INFO] --- resources:3.3.1:resources (default-resources) @ unique-finds-backend ---
[INFO] Copying 3 resources from src\main\resources to target\classes
[INFO] Copying 13 resources from src\main\resources to target\classes
[INFO] 
[INFO] --- compiler:3.14.1:compile (default-compile) @ unique-finds-backend ---
[INFO] Nothing to compile - all classes are up to date.
[INFO] 
[INFO] --- resources:3.3.1:testResources (default-testResources) @ unique-finds-backend ---
[INFO] skip non existing resourceDirectory D:\code\unique-finds-backend\src\test\resources
[INFO] 
[INFO] --- compiler:3.14.1:testCompile (default-testCompile) @ unique-finds-backend ---
[INFO] Nothing to compile - all classes are up to date.
[INFO] 
[INFO] <<< spring-boot:4.0.5:run (default-cli) < test-compile @ unique-finds-backend <<<
[INFO] 
[INFO] 
[INFO] --- spring-boot:4.0.5:run (default-cli) @ unique-finds-backend ---
[INFO] Attaching agents: []

  .   ____          _            __ _ _
 /\\ / ___'_ __ _ _(_)_ __  __ _ \ \ \ \
( ( )\___ | '_ | '_| | '_ \/ _` | \ \ \ \
 \\/  ___)| |_)| | | | | || (_| |  ) ) ) )
  '  |____| .__|_| |_|_| |_\__, | / / / /
 =========|_|==============|___/=/_/_/_/

 :: Spring Boot ::                (v4.0.5)

2026-05-14T19:16:24.391+08:00  INFO 18168 --- [unique-finds-backend] [           main] c.s.u.UniqueFindsBackendApplication      : Starting UniqueFindsBackendApplication using Java 21.0.9 with PID 18168 (D:\code\unique-finds-backend\target\classes started by z in D:\code\unique-finds-backend)
2026-05-14T19:16:24.393+08:00  INFO 18168 --- [unique-finds-backend] [           main] c.s.u.UniqueFindsBackendApplication      : The following 1 profile is active: "dev"
2026-05-14T19:16:25.485+08:00  INFO 18168 --- [unique-finds-backend] [           main] o.s.boot.tomcat.TomcatWebServer          : Tomcat initialized with port 8081 (http)
2026-05-14T19:16:25.496+08:00  INFO 18168 --- [unique-finds-backend] [           main] o.apache.catalina.core.StandardService   : Starting service [Tomcat]
2026-05-14T19:16:25.496+08:00  INFO 18168 --- [unique-finds-backend] [           main] o.apache.catalina.core.StandardEngine    : Starting Servlet engine: [Apache Tomcat/11.0.20]
2026-05-14T19:16:25.584+08:00  INFO 18168 --- [unique-finds-backend] [           main] b.w.c.s.WebApplicationContextInitializer : Root WebApplicationContext: initialization completed in 1155 ms
2026-05-14T19:16:26.215+08:00  WARN 18168 --- [unique-finds-backend] [           main] .s.a.UserDetailsServiceAutoConfiguration : 

Using generated security password: a72bb2fc-b069-4701-8125-ae28b9df69e2

This generated password is for development use only. Your security configuration must be updated before running your application in production.

2026-05-14T19:16:26.220+08:00  INFO 18168 --- [unique-finds-backend] [           main] r$InitializeUserDetailsManagerConfigurer : Global AuthenticationManager configured with UserDetailsService bean with name inMemoryUserDetailsManager
2026-05-14T19:16:26.465+08:00  WARN 18168 --- [unique-finds-backend] [           main] o.s.w.s.resource.ResourceHandlerUtils    : Appended trailing slash to static resource location: file:///D:/code/unique-finds-backend/uploads/images/
2026-05-14T19:16:26.698+08:00  INFO 18168 --- [unique-finds-backend] [           main] o.s.b.a.e.web.EndpointLinksResolver      : Exposing 3 endpoints beneath base path '/actuator'
2026-05-14T19:16:26.746+08:00  WARN 18168 --- [unique-finds-backend] [           main] ConfigServletWebServerApplicationContext : Exception encountered during context initialization - cancelling refresh attempt: org.springframework.context.ApplicationContextException: Failed to start bean 'webServerStartStop'
2026-05-14T19:16:26.762+08:00  INFO 18168 --- [unique-finds-backend] [           main] .s.b.a.l.ConditionEvaluationReportLogger : 

Error starting ApplicationContext. To display the condition evaluation report re-run your application with 'debug' enabled.
2026-05-14T19:16:26.772+08:00 ERROR 18168 --- [unique-finds-backend] [           main] o.s.b.d.LoggingFailureAnalysisReporter   : 

***************************
APPLICATION FAILED TO START
***************************

Description:

Web server failed to start. Port 8081 was already in use.

Action:

Identify and stop the process that's listening on port 8081 or configure this application to listen on another port.

[INFO] ------------------------------------------------------------------------
[INFO] BUILD FAILURE
[INFO] ------------------------------------------------------------------------
[INFO] Total time:  7.044 s
[INFO] Finished at: 2026-05-14T19:16:26+08:00
[INFO] ------------------------------------------------------------------------
[ERROR] Failed to execute goal org.springframework.boot:spring-boot-maven-plugin:4.0.5:run (default-cli) on project unique-finds-backend: Process terminated with exit code: 1 -> [Help 1]
[ERROR] 
[ERROR] To see the full stack trace of the errors, re-run Maven with the -e switch.
[ERROR] Re-run Maven using the -X switch to enable full debug logging.
[ERROR] 
[ERROR] For more information about the errors and possible solutions, please read the following articles:
[ERROR] [Help 1] http://cwiki.apache.org/confluence/display/MAVEN/MojoExecutionException
